Godot Engine v4.7.1.stable.official.a13da4feb - https://godotengine.org
OpenGL API 3.3.0 - Build 32.0.101.7088 - Compatibility - Using Device: Intel - Intel(R) Iris(R) Xe Graphics

{"memory_static":0,"object_count":2371,"paint_mountain_marker":"app_root_ready","render_video_memory":21577991,"selected_stage_id":"stage_30","time_usec":1343958}
{"layout_checksum":1006127995,"memory_static":0,"object_count":2497,"paint_mountain_marker":"layout_ready","render_video_memory":22579005,"stage_id":"stage_30","time_usec":1521814}
{"memory_static":0,"object_count":2498,"paint_mountain_marker":"artifact_prepare_started","render_video_memory":22579005,"selected":true,"stage_id":"stage_30","time_usec":1529263}
{"memory_static":0,"object_count":2500,"paint_mountain_marker":"artifact_phase","phase":"START_GEOMETRY","render_video_memory":22579005,"stage_id":"stage_30","time_usec":1536396}
{"memory_static":0,"object_count":2501,"paint_mountain_marker":"artifact_phase","phase":"BUILD_GEOMETRY","render_video_memory":22579005,"stage_id":"stage_30","time_usec":1537224}
{"memory_static":0,"object_count":2505,"paint_mountain_marker":"artifact_phase","phase":"BUILD_PLAYABLE_POINTS","render_video_memory":27134533,"stage_id":"stage_30","time_usec":1655832}
{"memory_static":0,"object_count":2505,"paint_mountain_marker":"artifact_phase","phase":"BUILD_PRESENTATION_POINTS","render_video_memory":27134533,"stage_id":"stage_30","time_usec":1697820}
{"memory_static":0,"object_count":2505,"paint_mountain_marker":"artifact_phase","phase":"INIT_DRESSING","render_video_memory":27134533,"stage_id":"stage_30","time_usec":1708674}
{"memory_static":0,"object_count":2505,"paint_mountain_marker":"artifact_phase","phase":"BUILD_DRESSING","render_video_memory":27134533,"stage_id":"stage_30","time_usec":1739790}
{"memory_static":0,"object_count":2537,"paint_mountain_marker":"artifact_phase","phase":"PRELOAD_DRESSING","render_video_memory":27134533,"stage_id":"stage_30","time_usec":1740370}
{"memory_static":0,"object_count":2567,"paint_mountain_marker":"artifact_phase","phase":"INIT_PAINT","render_video_memory":27153525,"stage_id":"stage_30","time_usec":1745115}
{"memory_static":0,"object_count":2568,"paint_mountain_marker":"artifact_phase","phase":"BUILD_TOPOLOGY","render_video_memory":27153525,"stage_id":"stage_30","time_usec":1745410}
{"memory_static":0,"object_count":2568,"paint_mountain_marker":"artifact_phase","phase":"BUILD_X_AXIS","render_video_memory":27153525,"stage_id":"stage_30","time_usec":1792914}
{"memory_static":0,"object_count":2568,"paint_mountain_marker":"artifact_phase","phase":"BUILD_Y_AXIS","render_video_memory":27153525,"stage_id":"stage_30","time_usec":1793843}
{"memory_static":0,"object_count":2568,"paint_mountain_marker":"artifact_phase","phase":"CREATE_TARGET_IMAGE","render_video_memory":27153525,"stage_id":"stage_30","time_usec":1794574}
{"memory_static":0,"object_count":2569,"paint_mountain_marker":"artifact_phase","phase":"CREATE_TARGET_TEXTURE","render_video_memory":27153525,"stage_id":"stage_30","time_usec":1794719}
{"memory_static":0,"object_count":2570,"paint_mountain_marker":"artifact_phase","phase":"INIT_PREVIEW_PAINT","render_video_memory":27503050,"stage_id":"stage_30","time_usec":1795369}
{"memory_static":0,"object_count":2570,"paint_mountain_marker":"artifact_phase","phase":"BUILD_PREVIEW_PAINT","render_video_memory":27503050,"stage_id":"stage_30","time_usec":1825958}
{"memory_static":0,"object_count":2570,"paint_mountain_marker":"artifact_phase","phase":"CREATE_PREVIEW_TEXTURE","render_video_memory":27503050,"stage_id":"stage_30","time_usec":1830829}
{"memory_static":0,"object_count":2571,"paint_mountain_marker":"artifact_phase","phase":"COMPLETE","render_video_memory":27515336,"stage_id":"stage_30","time_usec":1831354}
{"elapsed_usec":308889,"max_slice_usec":10557,"memory_static":0,"object_count":2571,"paint_mountain_marker":"artifact_prepare_complete","render_video_memory":27515336,"stage_id":"stage_30","time_usec":1838141}
{"artifact_cache_entries":1,"layout_checksum":1006127995,"memory_static":0,"object_count":2571,"paint_mountain_marker":"artifact_ready","render_video_memory":27515336,"stage_id":"stage_30","time_usec":1844805}
{"memory_static":0,"object_count":3048,"paint_mountain_marker":"gameplay_binding_started","render_video_memory":27573696,"stage_id":"stage_30","time_usec":1889573}
{"memory_static":0,"object_count":3193,"paint_mountain_marker":"gameplay_world_bound","render_video_memory":27966181,"stage_id":"stage_30","time_usec":1954397}
Paint Mountain gameplay scene ready in BRIEFING.
{"memory_static":0,"object_count":3295,"paint_mountain_marker":"gameplay_warmup_started","render_video_memory":28237457,"stage_id":"stage_30","time_usec":1975713}
{"effect_family_count":5,"memory_static":0,"object_count":3300,"paint_mountain_marker":"gameplay_warmup_complete","render_video_memory":34628033,"stage_id":"stage_30","time_usec":2083733}
{"artifact_cache_entries":1,"memory_static":0,"object_count":3300,"paint_mountain_marker":"gameplay_prepared","render_video_memory":34628033,"stage_id":"stage_30","time_usec":2094016}
{"artifact_cache_entries":1,"memory_static":0,"object_count":3302,"paint_mountain_marker":"gameplay_visible","render_video_memory":34628033,"stage_id":"stage_30","time_usec":2101847}
Delivery stage entry ready: stage=stage_30
Delivery capture briefing -> D:\npjt\paint-mountain\docs\evidence\fast-stage-readiness-2026-08-11\stage_30-briefing-1280x720.png (1280x720, OK)
{"active_projectiles":0,"memory_static":0,"object_count":3297,"paint_mountain_marker":"gameplay_soak_end","render_video_memory":35006022,"stage_id":"stage_30","time_usec":3677358}
